dinit: no-command: error loading: 'command' setting not specified.
